Executing action: monitor
Serial port /dev/ttyUSB0
Connecting......
Detecting chip type... ESP32
Running idf_monitor in directory /project/ADC/oneshot_read
Executing "/opt/esp-idf-tools/python_env/idf5.5_py3.10_env/bin/python /opt/esp-idf/tools/idf_monitor.py -p /dev/ttyUSB0 -b 115200 --toolchain-prefix xtensa-esp32-elf- --target esp32 --revision 0 /project/ADC/oneshot_read/build/oneshot_read.elf /project/ADC/oneshot_read/build/bootloader/bootloader.elf -m '/opt/esp-idf-tools/python_env/idf5.5_py3.10_env/bin/python' '/opt/esp-idf/tools/idf.py'"...
ets Jul 29 2019 12:21:46

rst:0x1 (POWERON_RESET),boot:0x13 (SPI_FAST_FLASH_BOOT)
configsip: 0, SPIWP:0xee
clk_drv:0x00,q_drv:0x00,d_drv:0x00,cs0_drv:0x00,hd_drv:0x00,wp_drv:0x00
mode:DIO, clock div:2
load:0x3fff0030,len:6380
ho 0 tail 12 room 4
load:0x40078000,len:15916
load:0x40080400,len:3860
entry 0x40080638
[0;32mI (29) boot: ESP-IDF v5.5-468-g02c5f2dbb9 2nd stage bootloader[0m
[0;32mI (29) boot: compile time Sep  1 2025 18:57:52[0m
[0;32mI (29) boot: Multicore bootloader[0m
[0;32mI (32) boot: chip revision: v3.1[0m
[0;32mI (35) boot.esp32: SPI Speed      : 40MHz[0m
[0;32mI (38) boot.esp32: SPI Mode       : DIO[0m
[0;32mI (42) boot.esp32: SPI Flash Size : 2MB[0m
[0;32mI (45) boot: Enabling RNG early entropy source...[0m
[0;32mI (50) boot: Partition Table:[0m
[0;32mI (53) boot: ## Label            Usage          Type ST Offset   Length[0m
[0;32mI (59) boot:  0 nvs              WiFi data        01 02 00009000 00006000[0m
[0;32mI (65) boot:  1 phy_init         RF data          01 01 0000f000 00001000[0m
[0;32mI (72) boot:  2 factory          factory app      00 00 00010000 00100000[0m
[0;32mI (78) boot: End of partition table[0m
[0;32mI (82) esp_image: segment 0: paddr=00010020 vaddr=3f400020 size=08608h ( 34312) map[0m
[0;32mI (101) esp_image: segment 1: paddr=00018630 vaddr=3ffb0000 size=02208h (  8712) load[0m
[0;32mI (104) esp_image: segment 2: paddr=0001a840 vaddr=40080000 size=057d8h ( 22488) load[0m
[0;32mI (115) esp_image: segment 3: paddr=00020020 vaddr=400d0020 size=12074h ( 73844) map[0m
[0;32mI (141) esp_image: segment 4: paddr=0003209c vaddr=400857d8 size=073ach ( 29612) load[0m
[0;32mI (152) esp_image: segment 5: paddr=00039450 vaddr=50000000 size=00020h (    32) load[0m
[0;32mI (159) boot: Loaded app from partition at offset 0x10000[0m
[0;32mI (159) boot: Disabling RNG early entropy source...[0m
[0;32mI (171) cpu_start: Multicore app[0m
[0;32mI (179) cpu_start: Pro cpu start user code[0m
[0;32mI (179) cpu_start: cpu freq: 160000000 Hz[0m
[0;32mI (179) app_init: Application information:[0m
[0;32mI (179) app_init: Project name:     oneshot_read[0m
[0;32mI (183) app_init: App version:      1[0m
[0;32mI (187) app_init: Compile time:     Sep  1 2025 18:57:49[0m
[0;32mI (192) app_init: ELF file SHA256:  63dc977d3...[0m
[0;32mI (196) app_init: ESP-IDF:          v5.5-468-g02c5f2dbb9[0m
[0;32mI (201) efuse_init: Min chip rev:     v0.0[0m
[0;32mI (205) efuse_init: Max chip rev:     v3.99 [0m
[0;32mI (209) efuse_init: Chip rev:         v3.1[0m
[0;32mI (213) heap_init: Initializing. RAM available for dynamic allocation:[0m
[0;32mI (219) heap_init: At 3FFAE6E0 len 00001920 (6 KiB): DRAM[0m
[0;32mI (224) heap_init: At 3FFB2B30 len 0002D4D0 (181 KiB): DRAM[0m
[0;32mI (229) heap_init: At 3FFE0440 len 00003AE0 (14 KiB): D/IRAM[0m
[0;32mI (235) heap_init: At 3FFE4350 len 0001BCB0 (111 KiB): D/IRAM[0m
[0;32mI (240) heap_init: At 4008CB84 len 0001347C (77 KiB): IRAM[0m
[0;32mI (247) spi_flash: detected chip: generic[0m
[0;32mI (249) spi_flash: flash io: dio[0m
[0;33mW (252) spi_flash: Detected size(4096k) larger than the size in the binary image header(2048k). Using the size in the binary image header.[0m
[0;32mI (265) main_task: Started on CPU0[0m
[0;32mI (275) main_task: Calling app_main()[0m
[0;32mI (275) EXAMPLE: calibration scheme version is Line Fitting[0m
[0;32mI (275) EXAMPLE: Calibration Success[0m
[0;32mI (275) EXAMPLE: calibration scheme version is Line Fitting[0m
[0;32mI (275) EXAMPLE: Calibration Success[0m
[0;32mI (285) EXAMPLE: calibration scheme version is Line Fitting[0m
[0;32mI (285) EXAMPLE: Calibration Success[0m
[0;32mI (295) EXAMPLE: ADC1 Channel[4] Raw Data: 511[0m
[0;32mI (295) EXAMPLE: ADC1 Channel[4] Cali Voltage: 556 mV[0m
[0;32mI (1305) EXAMPLE: ADC1 Channel[5] Raw Data: 412[0m
[0;32mI (1305) EXAMPLE: ADC1 Channel[5] Cali Voltage: 476 mV[0m
[0;32mI (2305) EXAMPLE: ADC2 Channel[0] Raw Data: 432[0m
[0;32mI (2305) EXAMPLE: ADC2 Channel[0] Cali Voltage: 479 mV[0m
[0;32mI (3305) EXAMPLE: ADC1 Channel[4] Raw Data: 534[0m
[0;32mI (3305) EXAMPLE: ADC1 Channel[4] Cali Voltage: 575 mV[0m
[0;32mI (4305) EXAMPLE: ADC1 Channel[5] Raw Data: 413[0m
[0;32mI (4305) EXAMPLE: ADC1 Channel[5] Cali Voltage: 477 mV[0m
[0;32mI (5305) EXAMPLE: ADC2 Channel[0] Raw Data: 0[0m
[0;32mI (5305) EXAMPLE: ADC2 Channel[0] Cali Voltage: 128 mV[0m
[0;32mI (6305) EXAMPLE: ADC1 Channel[4] Raw Data: 530[0m
[0;32mI (6305) EXAMPLE: ADC1 Channel[4] Cali Voltage: 572 mV[0m
[0;32mI (7305) EXAMPLE: ADC1 Channel[5] Raw Data: 407[0m
[0;32mI (7305) EXAMPLE: ADC1 Channel[5] Cali Voltage: 472 mV[0m
[0;32mI (8305) EXAMPLE: ADC2 Channel[0] Raw Data: 0[0m
[0;32mI (8305) EXAMPLE: ADC2 Channel[0] Cali Voltage: 128 mV[0m
[0;32mI (9305) EXAMPLE: ADC1 Channel[4] Raw Data: 528[0m
[0;32mI (9305) EXAMPLE: ADC1 Channel[4] Cali Voltage: 570 mV[0m
[0;32mI (10305) EXAMPLE: ADC1 Channel[5] Raw Data: 402[0m
[0;32mI (10305) EXAMPLE: ADC1 Channel[5] Cali Voltage: 468 mV[0m
[0;32mI (11305) EXAMPLE: ADC2 Channel[0] Raw Data: 0[0m
[0;32mI (11305) EXAMPLE: ADC2 Channel[0] Cali Voltage: 128 mV[0m
[0;32mI (12305) EXAMPLE: ADC1 Channel[4] Raw Data: 529[0m
[0;32mI (12305) EXAMPLE: ADC1 Channel[4] Cali Voltage: 571 mV[0m
[0;32mI (13305) EXAMPLE: ADC1 Channel[5] Raw Data: 405[0m
[0;32mI (13305) EXAMPLE: ADC1 Channel[5] Cali Voltage: 470 mV[0m
[0;32mI (14305) EXAMPLE: ADC2 Channel[0] Raw Data: 0[0m
[0;32mI (14305) EXAMPLE: ADC2 Channel[0] Cali Voltage: 128 mV[0m
[0;32mI (15305) EXAMPLE: ADC1 Channel[4] Raw Data: 530[0m
[0;32mI (15305) EXAMPLE: ADC1 Channel[4] Cali Voltage: 572 mV[0m
